// Jest Snapshot v1, https://goo.gl/fbAQLP

exports[`CharacterInfo should render 1`] = `
<DocumentFragment>
  <div
    class="sc-hHEjAm dbQeJu"
  >
    <div
      class="sc-dlMBXb UDFHJ"
    >
      <svg
        class="sc-hBMVcZ euuipo"
        fill="none"
        height="1em"
        stroke="currentColor"
        stroke-linecap="round"
        stroke-linejoin="round"
        stroke-width="2"
        viewBox="0 0 24 24"
        width="1em"
        xmlns="http://www.w3.org/2000/svg"
      >
        <line
          x1="19"
          x2="5"
          y1="12"
          y2="12"
        />
        <polyline
          points="12 19 5 12 12 5"
        />
      </svg>
      <h1
        data-testid="character-name"
      >
        Ricky Landers
      </h1>
      <a
        class="link-button"
        href="https://comicvine.gamespot.com/ricky-landers/4005-51713/"
        rel="noopener noreferrer"
        target="_blank"
      >
        <svg
          class="sc-fnVYJo fGRxkB"
          fill="currentColor"
          height="1em"
          stroke="currentColor"
          stroke-width="0"
          viewBox="0 0 16 16"
          width="1em"
          xmlns="http://www.w3.org/2000/svg"
        >
          <path
            clip-rule="evenodd"
            d="M1.5 13A1.5 1.5 0 003 14.5h8a1.5 1.5 0 001.5-1.5V9a.5.5 0 00-1 0v4a.5.5 0 01-.5.5H3a.5.5 0 01-.5-.5V5a.5.5 0 01.5-.5h4a.5.5 0 000-1H3A1.5 1.5 0 001.5 5v8zm7-11a.5.5 0 01.5-.5h5a.5.5 0 01.5.5v5a.5.5 0 01-1 0V2.5H9a.5.5 0 01-.5-.5z"
            fill-rule="evenodd"
          />
          <path
            clip-rule="evenodd"
            d="M14.354 1.646a.5.5 0 010 .708l-8 8a.5.5 0 01-.708-.708l8-8a.5.5 0 01.708 0z"
            fill-rule="evenodd"
          />
        </svg>
      </a>
    </div>
    <hr />
    <main
      class="sc-kfYqjs cpacaf"
    >
      <form
        class="sc-bCwgka bRHBeO"
      >
        <div
          class="bio"
        >
          <img
            alt="Ricky Landers"
            src="https://comicvine1.cbsistatic.com/uploads/original/11113/111133571/4032871-ricky%20landers.jpg"
          />
          <p>
            Son of Gena Landers, and brother to Ray.
          </p>
          <div
            class="header-right"
          >
            <div
              class="hover-button"
              data-testid="edit-button"
            >
              <svg
                class="sc-fFSRdu joFIrn"
                fill="none"
                height="1em"
                stroke="currentColor"
                stroke-linecap="round"
                stroke-linejoin="round"
                stroke-width="2"
                viewBox="0 0 24 24"
                width="1em"
                xmlns="http://www.w3.org/2000/svg"
              >
                <path
                  d="M11 4H4a2 2 0 0 0-2 2v14a2 2 0 0 0 2 2h14a2 2 0 0 0 2-2v-7"
                />
                <path
                  d="M18.5 2.5a2.121 2.121 0 0 1 3 3L12 15l-4 1 1-4 9.5-9.5z"
                />
              </svg>
            </div>
            <div
              class="hover-button"
              data-testid="favorite-button"
            >
              <svg
                class="sc-dIvqjp kWHRjR"
                data-testid="heart-svg-false"
                fill="none"
                fillcolor="white"
                height="1em"
                stroke="currentColor"
                stroke-linecap="round"
                stroke-linejoin="round"
                stroke-width="2"
                strokecolor="var(--color-primary)"
                viewBox="0 0 24 24"
                width="1em"
                xmlns="http://www.w3.org/2000/svg"
              >
                <path
                  d="M20.84 4.61a5.5 5.5 0 0 0-7.78 0L12 5.67l-1.06-1.06a5.5 5.5 0 0 0-7.78 7.78l1.06 1.06L12 21.23l7.78-7.78 1.06-1.06a5.5 5.5 0 0 0 0-7.78z"
                />
              </svg>
            </div>
          </div>
        </div>
        <div
          class="sc-fKgIGh gXKALV"
        >
          <div
            class="field"
          >
            <div
              class="MuiFormControl-root MuiTextField-root WithStyles(ForwardRef(TextField))-root-2"
            >
              <label
                class="MuiFormLabel-root MuiInputLabel-root MuiInputLabel-formControl MuiInputLabel-animated MuiInputLabel-shrink MuiInputLabel-outlined Mui-disabled Mui-disabled MuiFormLabel-filled"
                data-shrink="true"
              >
                super_name
              </label>
              <div
                class="MuiInputBase-root MuiOutlinedInput-root Mui-disabled Mui-disabled MuiInputBase-formControl"
              >
                <input
                  aria-invalid="false"
                  class="MuiInputBase-input MuiOutlinedInput-input Mui-disabled Mui-disabled"
                  data-testid="name-input"
                  disabled=""
                  maxlength="40"
                  name="name"
                  type="text"
                  value="Ricky Landers"
                />
                <fieldset
                  aria-hidden="true"
                  class="PrivateNotchedOutline-root-3 MuiOutlinedInput-notchedOutline"
                >
                  <legend
                    class="PrivateNotchedOutline-legendLabelled-5 PrivateNotchedOutline-legendNotched-6"
                  >
                    <span>
                      super_name
                    </span>
                  </legend>
                </fieldset>
              </div>
            </div>
          </div>
          <div
            class="field"
          >
            <div
              class="MuiFormControl-root MuiTextField-root WithStyles(ForwardRef(TextField))-root-2"
            >
              <label
                class="MuiFormLabel-root MuiInputLabel-root MuiInputLabel-formControl MuiInputLabel-animated MuiInputLabel-shrink MuiInputLabel-outlined Mui-disabled Mui-disabled MuiFormLabel-filled"
                data-shrink="true"
              >
                real_name
              </label>
              <div
                class="MuiInputBase-root MuiOutlinedInput-root Mui-disabled Mui-disabled MuiInputBase-formControl"
              >
                <input
                  aria-invalid="false"
                  class="MuiInputBase-input MuiOutlinedInput-input Mui-disabled Mui-disabled"
                  disabled=""
                  name="real_name"
                  type="text"
                  value="Ricky Landers"
                />
                <fieldset
                  aria-hidden="true"
                  class="PrivateNotchedOutline-root-3 MuiOutlinedInput-notchedOutline"
                >
                  <legend
                    class="PrivateNotchedOutline-legendLabelled-5 PrivateNotchedOutline-legendNotched-6"
                  >
                    <span>
                      real_name
                    </span>
                  </legend>
                </fieldset>
              </div>
            </div>
          </div>
          <div
            class="field"
          >
            <div
              class="MuiFormControl-root MuiTextField-root WithStyles(ForwardRef(TextField))-root-2"
            >
              <label
                class="MuiFormLabel-root MuiInputLabel-root MuiInputLabel-formControl MuiInputLabel-animated MuiInputLabel-shrink MuiInputLabel-outlined Mui-disabled Mui-disabled MuiFormLabel-filled"
                data-shrink="true"
              >
                publisher
              </label>
              <div
                class="MuiInputBase-root MuiOutlinedInput-root Mui-disabled Mui-disabled MuiInputBase-formControl"
              >
                <input
                  aria-invalid="false"
                  class="MuiInputBase-input MuiOutlinedInput-input Mui-disabled Mui-disabled"
                  disabled=""
                  name="publisher"
                  type="text"
                  value="Marvel"
                />
                <fieldset
                  aria-hidden="true"
                  class="PrivateNotchedOutline-root-3 MuiOutlinedInput-notchedOutline"
                >
                  <legend
                    class="PrivateNotchedOutline-legendLabelled-5 PrivateNotchedOutline-legendNotched-6"
                  >
                    <span>
                      publisher
                    </span>
                  </legend>
                </fieldset>
              </div>
            </div>
          </div>
          <div
            class="field"
          >
            <div
              class="MuiFormControl-root MuiTextField-root WithStyles(ForwardRef(TextField))-root-2"
            >
              <label
                class="MuiFormLabel-root MuiInputLabel-root MuiInputLabel-formControl MuiInputLabel-animated MuiInputLabel-outlined Mui-disabled Mui-disabled"
                data-shrink="false"
              >
                aliases
              </label>
              <div
                class="MuiInputBase-root MuiOutlinedInput-root Mui-disabled Mui-disabled MuiInputBase-formControl"
              >
                <input
                  aria-invalid="false"
                  class="MuiInputBase-input MuiOutlinedInput-input Mui-disabled Mui-disabled"
                  disabled=""
                  name="aliases"
                  type="text"
                  value=""
                />
                <fieldset
                  aria-hidden="true"
                  class="PrivateNotchedOutline-root-3 MuiOutlinedInput-notchedOutline"
                >
                  <legend
                    class="PrivateNotchedOutline-legendLabelled-5"
                  >
                    <span>
                      aliases
                    </span>
                  </legend>
                </fieldset>
              </div>
            </div>
          </div>
          <div
            class="field"
          >
            <div
              class="MuiFormControl-root MuiTextField-root WithStyles(ForwardRef(TextField))-root-2"
            >
              <label
                class="MuiFormLabel-root MuiInputLabel-root MuiInputLabel-formControl MuiInputLabel-animated MuiInputLabel-shrink MuiInputLabel-outlined Mui-disabled Mui-disabled MuiFormLabel-filled"
                data-shrink="true"
              >
                origin
              </label>
              <div
                class="MuiInputBase-root MuiOutlinedInput-root Mui-disabled Mui-disabled MuiInputBase-formControl"
              >
                <input
                  aria-invalid="false"
                  class="MuiInputBase-input MuiOutlinedInput-input Mui-disabled Mui-disabled"
                  disabled=""
                  name="origin"
                  type="text"
                  value="Human"
                />
                <fieldset
                  aria-hidden="true"
                  class="PrivateNotchedOutline-root-3 MuiOutlinedInput-notchedOutline"
                >
                  <legend
                    class="PrivateNotchedOutline-legendLabelled-5 PrivateNotchedOutline-legendNotched-6"
                  >
                    <span>
                      origin
                    </span>
                  </legend>
                </fieldset>
              </div>
            </div>
          </div>
          <div
            class="field"
          >
            <div
              class="MuiFormControl-root WithStyles(ForwardRef(FormControl))-root-7"
            >
              <label
                class="MuiFormLabel-root MuiInputLabel-root WithStyles(ForwardRef(InputLabel))-root-8 MuiInputLabel-formControl MuiInputLabel-animated MuiInputLabel-shrink MuiInputLabel-outlined WithStyles(ForwardRef(InputLabel))-outlined-10 MuiFormLabel-filled"
                data-shrink="true"
              >
                gender
              </label>
              <div
                class="MuiInputBase-root MuiOutlinedInput-root Mui-disabled Mui-disabled MuiInputBase-formControl"
              >
                <div
                  aria-disabled="true"
                  aria-haspopup="listbox"
                  aria-labelledby="mui-component-select-gender"
                  class="MuiSelect-root WithStyles(ForwardRef(Select))-root-11 MuiSelect-select MuiSelect-selectMenu MuiSelect-outlined MuiInputBase-input MuiOutlinedInput-input Mui-disabled Mui-disabled Mui-disabled"
                  id="mui-component-select-gender"
                  role="button"
                >
                  gender-1
                </div>
                <input
                  aria-hidden="true"
                  class="MuiSelect-nativeInput"
                  name="gender"
                  tabindex="-1"
                  value="1"
                />
                <svg
                  aria-hidden="true"
                  class="MuiSvgIcon-root MuiSelect-icon MuiSelect-iconOutlined Mui-disabled"
                  focusable="false"
                  viewBox="0 0 24 24"
                >
                  <path
                    d="M7 10l5 5 5-5z"
                  />
                </svg>
                <fieldset
                  aria-hidden="true"
                  class="PrivateNotchedOutline-root-3 MuiOutlinedInput-notchedOutline"
                >
                  <legend
                    class="PrivateNotchedOutline-legendLabelled-5 PrivateNotchedOutline-legendNotched-6"
                  >
                    <span>
                      gender
                    </span>
                  </legend>
                </fieldset>
              </div>
            </div>
          </div>
          <div
            class="field"
          >
            <div
              class="MuiFormControl-root MuiTextField-root WithStyles(ForwardRef(TextField))-root-2"
            >
              <label
                class="MuiFormLabel-root MuiInputLabel-root MuiInputLabel-formControl MuiInputLabel-animated MuiInputLabel-outlined Mui-disabled Mui-disabled"
                data-shrink="false"
              >
                birth
              </label>
              <div
                class="MuiInputBase-root MuiOutlinedInput-root Mui-disabled Mui-disabled MuiInputBase-formControl"
              >
                <input
                  aria-invalid="false"
                  class="MuiInputBase-input MuiOutlinedInput-input Mui-disabled Mui-disabled"
                  disabled=""
                  name="birth"
                  type="text"
                  value=""
                />
                <fieldset
                  aria-hidden="true"
                  class="PrivateNotchedOutline-root-3 MuiOutlinedInput-notchedOutline"
                >
                  <legend
                    class="PrivateNotchedOutline-legendLabelled-5"
                  >
                    <span>
                      birth
                    </span>
                  </legend>
                </fieldset>
              </div>
            </div>
          </div>
          <div
            class="field"
          >
            <div
              class="MuiFormControl-root MuiTextField-root WithStyles(ForwardRef(TextField))-root-2"
            >
              <label
                class="MuiFormLabel-root MuiInputLabel-root MuiInputLabel-formControl MuiInputLabel-animated MuiInputLabel-shrink MuiInputLabel-outlined Mui-disabled Mui-disabled MuiFormLabel-filled"
                data-shrink="true"
              >
                appearances
              </label>
              <div
                class="MuiInputBase-root MuiOutlinedInput-root Mui-disabled Mui-disabled MuiInputBase-formControl"
              >
                <input
                  aria-invalid="false"
                  class="MuiInputBase-input MuiOutlinedInput-input Mui-disabled Mui-disabled"
                  disabled=""
                  name="count_of_issue_appearances"
                  type="text"
                  value="9"
                />
                <fieldset
                  aria-hidden="true"
                  class="PrivateNotchedOutline-root-3 MuiOutlinedInput-notchedOutline"
                >
                  <legend
                    class="PrivateNotchedOutline-legendLabelled-5 PrivateNotchedOutline-legendNotched-6"
                  >
                    <span>
                      appearances
                    </span>
                  </legend>
                </fieldset>
              </div>
            </div>
          </div>
        </div>
      </form>
    </main>
  </div>
</DocumentFragment>
`;
